error: no #[ink(storage)] struct found but expected exactly 1
 --> $DIR/S-01-missing-storage-struct.rs:3:1
  |
3 | #[ink::contract(version = "0.1.0")]
  | ^^^^^^^^^^^^^^^^^^^^^^^^^^^^^^^^^^^
  |
  = note: this error originates in an attribute macro (in Nightly builds, run with -Z macro-backtrace for more info)
